src/components/Hero.tsx(3,10): error TS6133: 'ArrowDown' is declared but its value is never read.
src/components/Hero.tsx(5,22): error TS2307: Cannot find module '../assets/portrait.jpg' or its corresponding type declarations.
src/data/portfolioData.ts(2,5): error TS6133: 'Shield' is declared but its value is never read.
src/data/portfolioData.ts(5,5): error TS6133: 'Globe' is declared but its value is never read.
src/data/portfolioData.ts(8,5): error TS6133: 'Code' is declared but its value is never read.
src/data/portfolioData.ts(9,5): error TS6133: 'Cloud' is declared but its value is never read.
src/data/portfolioData.ts(14,5): error TS6133: 'Cpu' is declared but its value is never read.
